apiVersion: v1
kind: Pod
metadata:
  labels:
    run: nginx
  name: nginx
spec:
  containers:
  - image: nginx
    name: nginx



ubuntu@ip-172-31-36-194:~/kubestarter/Taints-and-Tolerations$ kubectl apply -f pod.yml
pod/nginx created
ubuntu@ip-172-31-36-194:~/kubestarter/Taints-and-Tolerations$ kubectl get pods
NAME    READY   STATUS    RESTARTS   AGE
nginx   1/1     Running   0          7s
ubuntu@ip-172-31-36-194:~/kubestarter/Taints-and-Tolerations$ kubectl get nodes
NAME                        STATUS   ROLES           AGE   VERSION
tws-cluster-control-plane   Ready    control-plane   9h    v1.31.2
tws-cluster-worker          Ready    <none>          9h    v1.31.2
tws-cluster-worker2         Ready    <none>          9h    v1.31.2
ubuntu@ip-172-31-36-194:~/kubestarter/Taints-and-Tolerations$ kubectl delete -f delete pod.yml
error: the path "delete" does not exist
ubuntu@ip-172-31-36-194:~/kubestarter/Taints-and-Tolerations$ kubectl delete -f pod.yml      pod "nginx" deleted
ubuntu@ip-172-31-36-194:~/kubestarter/Taints-and-Tolerations$ kubectl taint node tws-cluster-worker prod=true:NoSchedule
node/tws-cluster-worker tainted
ubuntu@ip-172-31-36-194:~/kubestarter/Taints-and-Tolerations$ kubectl taint node tws-cluster-worker2 prod=true:NoSchedule
node/tws-cluster-worker2 tainted
ubuntu@ip-172-31-36-194:~/kubestarter/Taints-and-Tolerations$ kubectl apply -f pod.yml
pod/nginx created
ubuntu@ip-172-31-36-194:~/kubestarter/Taints-and-Tolerations$ kubectl get pods
NAME    READY   STATUS    RESTARTS   AGE
nginx   0/1     Pending   0          8s
ubuntu@ip-172-31-36-194:~/kubestarter/Taints-and-Tolerations$ kubectl describe pod
Name:             nginx
Namespace:        default
Priority:         0
Service Account:  default
Node:             <none>
Labels:           run=nginx
Annotations:      <none>
Status:           Pending
IP:
IPs:              <none>
Containers:
  nginx:
    Image:        nginx
    Port:         <none>
    Host Port:    <none>
    Environment:  <none>
    Mounts:
      /var/run/secrets/kubernetes.io/serviceaccount from kube-api-access-mnqb4 (ro)
Conditions:
  Type           Status
  PodScheduled   False
Volumes:
  kube-api-access-mnqb4:
    Type:                    Projected (a volume that contains injected data from multiple sources)
    TokenExpirationSeconds:  3607
    ConfigMapName:           kube-root-ca.crt
    ConfigMapOptional:       <nil>
    DownwardAPI:             true
QoS Class:                   BestEffort
Node-Selectors:              <none>
Tolerations:                 node.kubernetes.io/not-ready:NoExecute op=Exists for 300s
                             node.kubernetes.io/unreachable:NoExecute op=Exists for 300s
Events:
  Type     Reason            Age   From               Message
  ----     ------            ----  ----               -------
  Warning  FailedScheduling  23s   default-scheduler  0/3 nodes are available: 1 node(s) had untolerated taint {node-role.kubernetes.io/control-plane: }, 2 node(s) had untolerated taint {prod: true}. preemption: 0/3 nodes are available: 3 Preemption is not helpful for scheduling.




ubuntu@ip-172-31-36-194:~/kubestarter/Taints-and-Tolerations$ kubectl taint node tws-cluster-worker2 prod=true:NoSchedule-
node/tws-cluster-worker2 untainted
ubuntu@ip-172-31-36-194:~/kubestarter/Taints-and-Tolerations$ kubectl get pod
NAME    READY   STATUS    RESTARTS   AGE
nginx   1/1     Running   0          3m45s
ubuntu@ip-172-31-36-194:~/kubestarter/Taints-and-Tolerations$ kubectl taint node tws-cluster-worker prod=true:NoSchedule-
node/tws-cluster-worker untainted



----------------For Tolerations-------------
apiVersion: v1
kind: Pod
metadata:
  labels:
    run: nginx
  name: nginx
spec:
  containers:
  - image: nginx
    name: nginx
  tolerations:
    - key: "prod"
      operator: "Equal"
      value: "true"
      effect: "NoSchedule"


ubuntu@ip-172-31-36-194:~/kubestarter/Taints-and-Tolerations$ kubectl apply -f pod.yml
pod/nginx created
ubuntu@ip-172-31-36-194:~/kubestarter/Taints-and-Tolerations$ kubectl get pods
NAME    READY   STATUS    RESTARTS   AGE
nginx   1/1     Running   0          60s



